// 同步 ID: 84698600 @ Thu Jul 16 15:11:17 UTC 2026
// 同步 ID: 6a1921e8 @ Fri Jul 17 09:39:18 UTC 2026
// 同步 ID: ac01cbd4 @ Fri Jul 17 16:45:46 UTC 2026
// 同步 ID: 90e2da3b @ Sat Jul 18 07:12:01 UTC 2026
// 重构日志: 2d39ba3f
// 同步 ID: 4d082e6e @ Sun Jul 19 18:10:56 UTC 2026
// 重构日志: 7440e804
// 重构日志: 04d50b11
// 重构日志: 59d0f61a
// 重构日志: 6e298125
// 同步 ID: b8151b57 @ Mon Jul 27 16:16:35 UTC 2026
// 同步 ID: 6f3695a7 @ Mon Jul 27 18:48:38 UTC 2026
// 重构日志: a73bbb0a
// 重构日志: fc1dc8e7
// 重构日志: e8f1e6ee
// 同步 ID: 7655f7ca @ Tue Jul 28 12:40:35 UTC 2026
// 重构日志: f49e4edc
// 同步 ID: 308dcaf2 @ Wed Jul 29 10:44:15 UTC 2026
// 重构日志: 0d0cb19a
// 重构日志: 9fc83a0c
// 重构日志: 514a64b5
// 同步 ID: 19827c7e @ Thu Jul 30 17:21:08 UTC 2026
// 重构日志: 988965a9
// 重构日志: 27b58b3b
// 重构日志: 319a8759
// 重构日志: 80956f7a
// 同步 ID: f52e3ca6 @ Sun Aug  2 14:19:05 UTC 2026
// 重构日志: 0b2b2c6f
// 重构日志: 586e6c14
// 同步 ID: da708434 @ Mon Aug  3 13:22:13 UTC 2026
// 重构日志: 5cb55551
// 重构日志: c8048912
// 重构日志: 6d59d990
